ansible-playbook -i ../ansible/inventory.ini ../ansible/udm-firewall.yml -e udm_apply=true
[WARNING]: Found both group and host with same name: registry

PLAY [Configure UDM Pro Zone-Based Firewall] ***********************************

TASK [Log in to the UniFi controller (local admin account)] ********************
[WARNING]: Host 'udmpro' is using the discovered Python interpreter at '/usr/bin/python3.14', but future installation of another Python interpreter could cause a different interpreter to be discovered. See https://docs.ansible.com/ansible-core/2.21/reference_appendices/interpreter_discovery.html for more information.
ok: [udmpro]

TASK [Capture session cookie + CSRF token] *************************************
ok: [udmpro]

TASK [Fetch firewall zones] ****************************************************
ok: [udmpro]

TASK [Fetch existing firewall policies] ****************************************
ok: [udmpro]

TASK [Save policies to file] ***************************************************
ok: [udmpro]

TASK [Build zone name → ID map] ************************************************
ok: [udmpro]

TASK [Show zone name → ID mapping] *********************************************
ok: [udmpro] => {
    "msg": {
        "Dmz": "691f9e9ed272495ba4bd414c",
        "External": "691f9e9ed272495ba4bd4148",
        "Gateway": "691f9e9ed272495ba4bd4149",
        "Hotspot": "691f9e9ed272495ba4bd414b",
        "Internal": "691f9e9ed272495ba4bd4147",
        "Vpn": "691f9e9ed272495ba4bd414a"
    }
}

TASK [Show existing policy names] **********************************************
ok: [udmpro] => {
    "msg": [
        "Allow All Traffic",
        "Allow IoT to HA / AdGuard (Return)",
        "HA - IoT (Return)",
        "VLAN 20 -> 25 (Return)",
        "Cluster to Registry mirror (Return)",
        "Server to Talos API (Return)",
        "Server to Kubernetes API (Return)",
        "Server to Cluster ICMP (Return)",
        "Cluster to Proxmox NTP (Return)",
        "PC to Proxmox API (Return)",
        "PC to Talos API (Return)",
        "PC to Kubernetes API (Return)",
        "Isolated Networks",
        "Allow All Traffic",
        "Block Invalid Traffic",
        "Block 10.10.25.0/24 Internet Access",
        "Block 10.10.80.0/24 Internet Access",
        "Block 10.10.30.0/24 Internet Access",
        "Allow All Traffic",
        "Allow mDNS",
        "Allow All Traffic",
        "Allow All Traffic",
        "Isolated Networks",
        "Allow All Traffic",
        "Isolated Networks",
        "Block All Traffic",
        "Allow Port Forward Traefik | reverse Proxy 443",
        "Allow Port Forward Traefik | reverse Proxy 80",
        "Allow Port Forward Rustdesk | HBBS (Signal Server)",
        "Allow Port Forward Rustdesk | HBBS (Communication & Hole Punching)",
        "Allow Port Forward Rustdesk | HBBR (Relay Server)",
        "Allow Port Forward Rustdesk | Web Client",
        "Allow Port Forward Rustdesk | Web Client",
        "Allow Port Forward Pelican aaron Port Forward",
        "Allow Port Forward Pelican Wing aaron | SFTP",
        "Allow Port Forward Pelican Wing noah | SFTP",
        "Allow Port Forward Pelican Wing dome | SFTP",
        "Allow Port Forward Pelican Wing nils | SFTP",
        "Allow Port Forward Pelican noah Port Forward",
        "Allow Port Forward Pelican dome Port Forward",
        "Allow Port Forward Pelican nils Port Forward",
        "Allow Return Traffic",
        "Block Invalid Traffic",
        "Block All Traffic",
        "Allow Return Traffic",
        "Block Invalid Traffic",
        "Block All Traffic",
        "Allow Return Traffic",
        "Block Invalid Traffic",
        "Allow WireGuard VPNs",
        "Allow Neighbor Solicitations",
        "Allow Neighbor Advertisements",
        "Allow Link-Local DHCPv6",
        "Allow DHCPv6",
        "Allow Router Advertisements",
        "Block All Traffic",
        "Allow Return Traffic",
        "Block Invalid Traffic",
        "Block All Traffic",
        "Allow Return Traffic",
        "Block Invalid Traffic",
        "Block All Traffic",
        "Allow Return Traffic",
        "Block Invalid Traffic",
        "Allow All Traffic",
        "Allow All Traffic",
        "Allow All Traffic",
        "Allow All Traffic",
        "Allow All Traffic",
        "Allow All Traffic",
        "Allow All Traffic",
        "Block Invalid Traffic",
        "Allow All Traffic",
        "Allow All Traffic",
        "Allow All Traffic",
        "Allow All Traffic",
        "Block All Traffic",
        "Allow Return Traffic",
        "Allow All Traffic",
        "Block Invalid Traffic",
        "Block All Traffic",
        "Allow Return Traffic",
        "Block All Traffic",
        "Allow Return Traffic",
        "Block All Traffic",
        "Block All Traffic",
        "Block All Traffic",
        "Isolated Networks",
        "Allow Return Traffic",
        "Allow All Traffic",
        "Block Invalid Traffic",
        "Block All Traffic",
        "Allow mDNS",
        "Allow DNS",
        "Allow ICMP",
        "Allow DHCP",
        "Allow ICMPv6",
        "Allow DHCPv6",
        "Allow Return Traffic",
        "Block All Traffic",
        "Allow Return Traffic",
        "Block All Traffic",
        "Isolated Networks",
        "Block All Traffic",
        "Isolated Networks",
        "Allow IoT to HA / AdGuard",
        "Allow Alexa | EcoFlow | Eufy Internet",
        "HA - IoT",
        "VLAN 20 -> 25",
        "Cluster to Registry mirror",
        "Traefik to Cluster ingress",
        "Server to Talos API",
        "Server to Kubernetes API",
        "Server to Cluster ICMP",
        "Cluster to Proxmox NTP",
        "PC to Proxmox API",
        "PC to Talos API",
        "PC to Kubernetes API"
    ]
}

TASK [Validate all referenced zone names exist on the controller] **************
ok: [udmpro] => (item=Internal)
ok: [udmpro] => (item=Dmz)

TASK [Stop here unless apply mode is requested] ********************************
skipping: [udmpro]

TASK [Create missing zone-based firewall policies] *****************************
skipping: [udmpro] => (item=PC to Proxmox API) 
skipping: [udmpro] => (item=PC to Talos API) 
skipping: [udmpro] => (item=Server to Talos API) 
skipping: [udmpro] => (item=PC to Kubernetes API) 
skipping: [udmpro] => (item=Server to Kubernetes API) 
skipping: [udmpro] => (item=Server to Cluster ICMP) 
skipping: [udmpro] => (item=Cluster to Proxmox NTP) 
skipping: [udmpro] => (item=Cluster to Registry mirror) 
skipping: [udmpro] => (item=Traefik to Cluster ingress) 
skipping: [udmpro]

PLAY RECAP *********************************************************************
udmpro                     : ok=9    changed=0    unreachable=0    failed=0    skipped=1    rescued=0    ignored=0   

terraform -chdir=terraform/proxmox init -input=false
[0m[1mInitializing the backend...[0m
[0m[1mInitializing provider plugins...[0m
- Reusing previous version of bpg/proxmox from the dependency lock file
- Using previously-installed bpg/proxmox v0.109.0

[0m[1m[32mTerraform has been successfully initialized![0m[32m[0m
[0m[32m
You may now begin working with Terraform. Try running "terraform plan" to see
any changes that are required for your infrastructure. All Terraform commands
should now work.

If you ever set or change modules or backend configuration for Terraform,
rerun this command to reinitialize your working directory. If you forget, other
commands will detect it and remind you to do so if necessary.[0m
terraform -chdir=terraform/proxmox apply -auto-approve
[0m[1mproxmox_download_file.talos: Refreshing state... [id=local:import/talos-v1.13.4-nocloud-amd64.raw][0m
[0m[1mproxmox_virtual_environment_container.this["20101"]: Refreshing state... [id=20101][0m
[0m[1mproxmox_virtual_environment_container.this["24010"]: Refreshing state... [id=24010][0m
[0m[1mproxmox_virtual_environment_vm.controlplane["25011"]: Refreshing state... [id=25011][0m
[0m[1mproxmox_virtual_environment_vm.worker["25101"]: Refreshing state... [id=25101][0m

[0m[1m[32mNo changes.[0m[1m Your infrastructure matches the configuration.[0m

[0mTerraform has compared your real infrastructure against your configuration
and found no differences, so no changes are needed.
[0m[1m[32m
Apply complete! Resources: 0 added, 0 changed, 0 destroyed.
[0m[0m[1m[32m
Outputs:

[0mcontrolplane_ips = {
  "25011" = "10.10.25.11"
}
gameserver_ips = {}
lxc_ips = {
  "20101" = "10.10.20.101"
  "24010" = "10.10.24.10"
}
worker_ips = {
  "25101" = "10.10.25.101"
}
terraform -chdir=terraform/talos init -input=false
[0m[1mInitializing the backend...[0m
[0m[1mInitializing provider plugins...[0m
- Reusing previous version of siderolabs/talos from the dependency lock file
- Using previously-installed siderolabs/talos v0.11.0

[0m[1m[32mTerraform has been successfully initialized![0m[32m[0m
[0m[32m
You may now begin working with Terraform. Try running "terraform plan" to see
any changes that are required for your infrastructure. All Terraform commands
should now work.

If you ever set or change modules or backend configuration for Terraform,
rerun this command to reinitialize your working directory. If you forget, other
commands will detect it and remind you to do so if necessary.[0m
terraform -chdir=terraform/talos apply -auto-approve
[0m[1mtalos_machine_secrets.this: Refreshing state... [id=machine_secrets][0m
[0m[1mdata.talos_client_configuration.this: Reading...[0m[0m
[0m[1mdata.talos_client_configuration.this: Read complete after 0s [id=isarcloud][0m
[0m[1mdata.talos_machine_configuration.worker: Reading...[0m[0m
[0m[1mdata.talos_machine_configuration.controlplane: Reading...[0m[0m
[0m[1mdata.talos_machine_configuration.worker: Read complete after 0s [id=isarcloud][0m
[0m[1mdata.talos_machine_configuration.controlplane: Read complete after 0s [id=isarcloud][0m
[0m[1mtalos_machine_configuration_apply.worker["25101"]: Refreshing state... [id=machine_configuration_apply][0m
[0m[1mtalos_machine_configuration_apply.controlplane["25011"]: Refreshing state... [id=machine_configuration_apply][0m
[0m[1mtalos_machine_bootstrap.this: Refreshing state... [id=machine_bootstrap][0m
[0m[1mtalos_cluster_kubeconfig.this: Refreshing state... [id=isarcloud][0m

[0m[1m[32mNo changes.[0m[1m Your infrastructure matches the configuration.[0m

[0mTerraform has compared your real infrastructure against your configuration
and found no differences, so no changes are needed.
[0m[1m[32m
Apply complete! Resources: 0 added, 0 changed, 0 destroyed.
[0m[0m[1m[32m
Outputs:

[0mcluster_endpoint = "https://10.10.25.11:6443"
kubeconfig = <sensitive>
talosconfig = <sensitive>
terraform -chdir=terraform/talos output -raw kubeconfig  > /home/aaron/Projects/homelab/infrastructure/kubeconfig
terraform -chdir=terraform/talos output -raw talosconfig > /home/aaron/Projects/homelab/infrastructure/talosconfig
Wrote /home/aaron/Projects/homelab/infrastructure/kubeconfig and /home/aaron/Projects/homelab/infrastructure/talosconfig
terraform -chdir=terraform/talos output -raw kubeconfig > /home/aaron/Projects/homelab/infrastructure/kubeconfig
KUBECONFIG=/home/aaron/Projects/homelab/infrastructure/kubeconfig kubectl create namespace argocd \
	--dry-run=client -o yaml | KUBECONFIG=/home/aaron/Projects/homelab/infrastructure/kubeconfig kubectl apply -f -
error: error validating "STDIN": error validating data: failed to download openapi: Get "https://10.10.25.11:6443/openapi/v2?timeout=32s": dial tcp 10.10.25.11:6443: connect: connection refused; if you choose to ignore these errors, turn validation off with --validate=false
make: *** [Makefile:45: gitops] Error 1
